--
-- FLOAT4
--
-- bad special inputs
SELECT 'N A N'::float4;
ERROR:  invalid input syntax for type real: "N A N"
LINE 1: SELECT 'N A N'::float4;
               ^
SELECT 'NaN x'::float4;
ERROR:  invalid input syntax for type real: "NaN x"
LINE 1: SELECT 'NaN x'::float4;
               ^
SELECT ' INFINITY    x'::float4;
ERROR:  invalid input syntax for type real: " INFINITY    x"
LINE 1: SELECT ' INFINITY    x'::float4;
               ^
-- test edge-case coercions to integer
SELECT '32767.4'::float4::int2;
 int2  
-------
 32767
(1 row)

SELECT '32767.6'::float4::int2;
ERROR:  smallint out of range
SELECT '-32768.4'::float4::int2;
  int2  
--------
 -32768
(1 row)

SELECT '-32768.6'::float4::int2;
ERROR:  smallint out of range
SELECT '2147483520'::float4::int4;
    int4    
------------
 2147483520
(1 row)

SELECT '2147483647'::float4::int4;
ERROR:  integer out of range
SELECT '-2147483648.5'::float4::int4;
    int4     
-------------
 -2147483648
(1 row)

SELECT '-2147483900'::float4::int4;
ERROR:  integer out of range
SELECT '9223369837831520256'::float4::int8;
        int8         
---------------------
 9223369837831520256
(1 row)

SELECT '9223372036854775807'::float4::int8;
ERROR:  bigint out of range
SELECT '-9223372036854775808.5'::float4::int8;
         int8         
----------------------
 -9223372036854775808
(1 row)

SELECT '-9223380000000000000'::float4::int8;
ERROR:  bigint out of range
