--
-- INT2
--
-- corner cases
SELECT (-1::int2<<15)::text;
  text  
--------
 -32768
(1 row)

SELECT ((-1::int2<<15)+1::int2)::text;
  text  
--------
 -32767
(1 row)

-- check sane handling of INT16_MIN overflow cases
SELECT (-32768)::int2 * (-1)::int2;
ERROR:  smallint out of range
SELECT (-32768)::int2 / (-1)::int2;
ERROR:  smallint out of range
SELECT (-32768)::int2 % (-1)::int2;
 ?column? 
----------
        0
(1 row)

-- check rounding when casting from float
SELECT x, x::int2 AS int2_value
FROM (VALUES (-2.5::float8),
             (-1.5::float8),
             (-0.5::float8),
             (0.0::float8),
             (0.5::float8),
             (1.5::float8),
             (2.5::float8)) t(x);
  x   | int2_value 
------+------------
 -2.5 |         -2
 -1.5 |         -2
 -0.5 |          0
    0 |          0
  0.5 |          0
  1.5 |          2
  2.5 |          2
(7 rows)

-- check rounding when casting from numeric
SELECT x, x::int2 AS int2_value
FROM (VALUES (-2.5::numeric),
             (-1.5::numeric),
             (-0.5::numeric),
             (0.5::numeric),
             (1.5::numeric),
             (2.5::numeric)) t(x);
  x   | int2_value 
------+------------
 -2.5 |         -3
 -1.5 |         -2
 -0.5 |         -1
  0.5 |          1
  1.5 |          2
  2.5 |          3
(6 rows)

