--
-- NAME
-- all inputs are silently truncated at NAMEDATALEN-1 (63) characters
--
-- fixed-length by reference
SELECT name 'name string' = name 'name string' AS "True";
 True 
------
 t
(1 row)

SELECT name 'name string' = name 'name string ' AS "False";
 False 
-------
 f
(1 row)

